2026-08-30 11:57:22.194 [info] Reading sessions from keychain...
2026-08-30 11:57:22.194 [info] Getting sessions for all scopes...
2026-08-30 11:57:22.194 [info] Got 0 sessions for ...
2026-08-30 11:57:22.194 [info] Getting sessions for all scopes...
2026-08-30 11:57:22.194 [info] Got 0 sessions for ...
2026-08-30 11:57:22.194 [info] Getting sessions for all scopes...
2026-08-30 11:57:22.194 [info] Got 0 sessions for ...
2026-08-30 11:57:22.194 [info] Getting sessions for read:user,user:email...
2026-08-30 11:57:22.194 [info] Got 0 sessions for read:user,user:email...
2026-08-30 11:57:22.194 [info] Getting sessions for read:user,user:email...
2026-08-30 11:57:22.194 [info] Got 0 sessions for read:user,user:email...
2026-08-30 11:57:22.194 [info] Getting sessions for all scopes...
2026-08-30 11:57:22.194 [info] Got 0 sessions for ...
2026-08-30 11:57:22.194 [info] Getting sessions for all scopes...
2026-08-30 11:57:22.194 [info] Got 0 sessions for ...
2026-08-30 11:57:22.194 [info] Getting sessions for all scopes...
2026-08-30 11:57:22.194 [info] Got 0 sessions for ...
2026-08-30 11:57:22.194 [info] Getting sessions for all scopes...
2026-08-30 11:57:22.194 [info] Got 0 sessions for ...
2026-08-30 11:57:22.194 [info] Getting sessions for repo...
2026-08-30 11:57:22.194 [info] Got 0 sessions for repo...
2026-08-30 11:57:22.194 [info] Getting sessions for repo...
2026-08-30 11:57:22.194 [info] Got 0 sessions for repo...
2026-08-30 11:57:22.194 [info] Getting sessions for all scopes...
2026-08-30 11:57:22.194 [info] Got 0 sessions for ...
2026-08-30 11:57:22.194 [info] Getting sessions for all scopes...
2026-08-30 11:57:22.194 [info] Got 0 sessions for ...
2026-08-30 11:57:22.194 [info] Getting sessions for user:email...
2026-08-30 11:57:22.194 [info] Got 0 sessions for user:email...
2026-08-30 11:57:22.194 [info] Getting sessions for read:user,repo,user:email,workflow...
2026-08-30 11:57:22.194 [info] Got 0 sessions for read:user,repo,user:email,workflow...
2026-08-30 11:57:22.273 [info] Getting sessions for all scopes...
2026-08-30 11:57:22.273 [info] Got 0 sessions for ...
2026-08-30 11:57:22.274 [info] Getting sessions for user:email...
2026-08-30 11:57:22.274 [info] Got 0 sessions for user:email...
2026-08-30 11:57:22.523 [info] Getting sessions for all scopes...
2026-08-30 11:57:22.524 [info] Got 0 sessions for ...
2026-08-30 11:57:22.524 [info] Getting sessions for all scopes...
2026-08-30 11:57:22.524 [info] Got 0 sessions for ...
2026-08-30 11:57:22.524 [info] Getting sessions for all scopes...
2026-08-30 11:57:22.524 [info] Got 0 sessions for ...
2026-08-30 11:57:22.578 [info] Getting sessions for user:email...
2026-08-30 11:57:22.579 [info] Got 0 sessions for user:email...
2026-08-30 11:57:22.579 [info] Getting sessions for read:user,repo,user:email,workflow...
2026-08-30 11:57:22.579 [info] Got 0 sessions for read:user,repo,user:email,workflow...
2026-08-30 11:57:22.654 [info] Getting sessions for all scopes...
2026-08-30 11:57:22.654 [info] Got 0 sessions for ...
2026-08-30 11:57:22.654 [info] Getting sessions for all scopes...
2026-08-30 11:57:22.654 [info] Got 0 sessions for ...
2026-08-30 11:57:22.674 [info] Getting sessions for user:email...
2026-08-30 11:57:22.674 [info] Got 0 sessions for user:email...
2026-08-30 11:57:22.674 [info] Getting sessions for read:user,repo,user:email,workflow...
2026-08-30 11:57:22.674 [info] Got 0 sessions for read:user,repo,user:email,workflow...
2026-08-30 11:57:23.253 [info] Getting sessions for all scopes...
2026-08-30 11:57:23.253 [info] Got 0 sessions for ...
2026-08-30 11:57:24.749 [info] Getting sessions for read:user,user:email...
2026-08-30 11:57:24.749 [info] Got 0 sessions for read:user,user:email...
2026-08-30 11:57:24.750 [info] Getting sessions for all scopes...
2026-08-30 11:57:24.750 [info] Got 0 sessions for ...
2026-08-30 11:57:24.750 [info] Getting sessions for repo...
2026-08-30 11:57:24.750 [info] Got 0 sessions for repo...
2026-08-30 11:57:24.751 [info] Getting sessions for all scopes...
2026-08-30 11:57:24.751 [info] Got 0 sessions for ...
2026-08-30 11:57:28.032 [info] Getting sessions for read:user,user:email...
2026-08-30 11:57:28.032 [info] Got 0 sessions for read:user,user:email...
2026-08-30 11:57:28.033 [info] Getting sessions for read:user,user:email...
2026-08-30 11:57:28.033 [info] Got 0 sessions for read:user,user:email...
2026-08-30 11:57:28.035 [info] Getting sessions for read:user,user:email...
2026-08-30 11:57:28.035 [info] Got 0 sessions for read:user,user:email...
2026-08-30 11:57:28.036 [info] Getting sessions for read:user,user:email...
2026-08-30 11:57:28.036 [info] Got 0 sessions for read:user,user:email...
2026-08-30 11:57:28.038 [info] Getting sessions for read:user,user:email...
2026-08-30 11:57:28.038 [info] Got 0 sessions for read:user,user:email...
2026-08-30 11:57:28.058 [info] Getting sessions for read:user,user:email...
2026-08-30 11:57:28.058 [info] Got 0 sessions for read:user,user:email...
2026-08-30 11:57:28.058 [info] Getting sessions for all scopes...
2026-08-30 11:57:28.058 [info] Got 0 sessions for ...
2026-08-30 11:57:28.093 [info] Getting sessions for all scopes...
2026-08-30 11:57:28.093 [info] Got 0 sessions for ...
2026-08-30 11:57:28.093 [info] Getting sessions for all scopes...
2026-08-30 11:57:28.093 [info] Got 0 sessions for ...
2026-08-30 11:57:28.093 [info] Getting sessions for all scopes...
2026-08-30 11:57:28.093 [info] Got 0 sessions for ...
2026-08-30 11:57:28.093 [info] Getting sessions for all scopes...
2026-08-30 11:57:28.093 [info] Got 0 sessions for ...
2026-08-30 11:57:28.094 [info] Getting sessions for all scopes...
2026-08-30 11:57:28.094 [info] Got 0 sessions for ...
2026-08-30 11:57:28.097 [info] Getting sessions for repo...
2026-08-30 11:57:28.098 [info] Got 0 sessions for repo...
2026-08-30 11:57:28.098 [info] Getting sessions for repo...
2026-08-30 11:57:28.098 [info] Got 0 sessions for repo...
2026-08-30 11:57:28.098 [info] Getting sessions for repo...
2026-08-30 11:57:28.098 [info] Got 0 sessions for repo...
2026-08-30 11:57:28.098 [info] Getting sessions for repo...
2026-08-30 11:57:28.098 [info] Got 0 sessions for repo...
2026-08-30 11:57:28.099 [info] Getting sessions for repo...
2026-08-30 11:57:28.099 [info] Got 0 sessions for repo...
2026-08-30 11:57:28.099 [info] Getting sessions for repo...
2026-08-30 11:57:28.099 [info] Got 0 sessions for repo...
2026-08-30 11:57:28.100 [info] Getting sessions for all scopes...
2026-08-30 11:57:28.100 [info] Got 0 sessions for ...
2026-08-30 11:57:28.100 [info] Getting sessions for all scopes...
2026-08-30 11:57:28.100 [info] Got 0 sessions for ...
2026-08-30 11:57:28.100 [info] Getting sessions for all scopes...
2026-08-30 11:57:28.100 [info] Got 0 sessions for ...
2026-08-30 11:57:28.100 [info] Getting sessions for all scopes...
2026-08-30 11:57:28.100 [info] Got 0 sessions for ...
2026-08-30 11:57:28.101 [info] Getting sessions for all scopes...
2026-08-30 11:57:28.101 [info] Got 0 sessions for ...
2026-08-30 11:57:28.101 [info] Getting sessions for all scopes...
2026-08-30 11:57:28.101 [info] Got 0 sessions for ...
2026-08-30 11:57:42.135 [info] Getting sessions for read:user,user:email...
2026-08-30 11:57:42.135 [info] Got 0 sessions for read:user,user:email...
2026-08-30 11:57:42.139 [info] Getting sessions for all scopes...
2026-08-30 11:57:42.139 [info] Got 0 sessions for ...
2026-08-30 11:57:42.139 [info] Getting sessions for repo...
2026-08-30 11:57:42.139 [info] Got 0 sessions for repo...
2026-08-30 11:57:42.141 [info] Getting sessions for all scopes...
2026-08-30 11:57:42.141 [info] Got 0 sessions for ...
2026-08-30 11:57:42.236 [info] Getting sessions for read:user,user:email...
2026-08-30 11:57:42.236 [info] Got 0 sessions for read:user,user:email...
2026-08-30 11:57:42.242 [info] Getting sessions for all scopes...
2026-08-30 11:57:42.242 [info] Got 0 sessions for ...
2026-08-30 11:57:42.243 [info] Getting sessions for repo...
2026-08-30 11:57:42.243 [info] Got 0 sessions for repo...
2026-08-30 11:57:42.244 [info] Getting sessions for all scopes...
2026-08-30 11:57:42.244 [info] Got 0 sessions for ...
2026-08-30 11:57:43.202 [info] Getting sessions for read:user,user:email...
2026-08-30 11:57:43.202 [info] Got 0 sessions for read:user,user:email...
2026-08-30 11:57:43.217 [info] Getting sessions for all scopes...
2026-08-30 11:57:43.217 [info] Got 0 sessions for ...
2026-08-30 11:57:43.218 [info] Getting sessions for repo...
2026-08-30 11:57:43.218 [info] Got 0 sessions for repo...
2026-08-30 11:57:43.218 [info] Getting sessions for all scopes...
2026-08-30 11:57:43.218 [info] Got 0 sessions for ...
2026-08-30 11:57:54.747 [info] Getting sessions for read:user,user:email...
2026-08-30 11:57:54.747 [info] Got 0 sessions for read:user,user:email...
2026-08-30 11:57:54.758 [info] Getting sessions for all scopes...
2026-08-30 11:57:54.758 [info] Got 0 sessions for ...
2026-08-30 11:57:54.762 [info] Getting sessions for read:user,user:email...
2026-08-30 11:57:54.762 [info] Got 0 sessions for read:user,user:email...
2026-08-30 11:57:54.785 [info] Getting sessions for read:user,user:email...
2026-08-30 11:57:54.785 [info] Got 0 sessions for read:user,user:email...
2026-08-30 11:57:54.786 [info] Getting sessions for read:user,user:email...
2026-08-30 11:57:54.786 [info] Got 0 sessions for read:user,user:email...
2026-08-30 11:57:54.787 [info] Getting sessions for repo...
2026-08-30 11:57:54.787 [info] Got 0 sessions for repo...
2026-08-30 11:57:54.787 [info] Getting sessions for all scopes...
2026-08-30 11:57:54.787 [info] Got 0 sessions for ...
2026-08-30 11:57:54.791 [info] Getting sessions for all scopes...
2026-08-30 11:57:54.791 [info] Got 0 sessions for ...
2026-08-30 11:57:54.792 [info] Getting sessions for all scopes...
2026-08-30 11:57:54.792 [info] Got 0 sessions for ...
2026-08-30 11:57:54.792 [info] Getting sessions for all scopes...
2026-08-30 11:57:54.792 [info] Got 0 sessions for ...
2026-08-30 11:57:54.792 [info] Getting sessions for repo...
2026-08-30 11:57:54.792 [info] Got 0 sessions for repo...
2026-08-30 11:57:54.793 [info] Getting sessions for repo...
2026-08-30 11:57:54.793 [info] Got 0 sessions for repo...
2026-08-30 11:57:54.793 [info] Getting sessions for repo...
2026-08-30 11:57:54.793 [info] Got 0 sessions for repo...
2026-08-30 11:57:54.794 [info] Getting sessions for all scopes...
2026-08-30 11:57:54.794 [info] Got 0 sessions for ...
2026-08-30 11:57:54.794 [info] Getting sessions for all scopes...
2026-08-30 11:57:54.794 [info] Got 0 sessions for ...
2026-08-30 11:57:54.794 [info] Getting sessions for all scopes...
2026-08-30 11:57:54.794 [info] Got 0 sessions for ...
2026-08-30 11:58:00.839 [info] Getting sessions for read:user,user:email...
2026-08-30 11:58:00.839 [info] Got 0 sessions for read:user,user:email...
2026-08-30 11:58:00.842 [info] Getting sessions for read:user,user:email...
2026-08-30 11:58:00.842 [info] Got 0 sessions for read:user,user:email...
2026-08-30 11:58:00.843 [info] Getting sessions for read:user,user:email...
2026-08-30 11:58:00.843 [info] Got 0 sessions for read:user,user:email...
2026-08-30 11:58:00.845 [info] Getting sessions for read:user,user:email...
2026-08-30 11:58:00.845 [info] Got 0 sessions for read:user,user:email...
2026-08-30 11:58:00.846 [info] Getting sessions for read:user,user:email...
2026-08-30 11:58:00.846 [info] Got 0 sessions for read:user,user:email...
2026-08-30 11:58:00.851 [info] Getting sessions for read:user,user:email...
2026-08-30 11:58:00.851 [info] Got 0 sessions for read:user,user:email...
2026-08-30 11:58:00.851 [info] Getting sessions for all scopes...
2026-08-30 11:58:00.851 [info] Got 0 sessions for ...
2026-08-30 11:58:00.892 [info] Getting sessions for all scopes...
2026-08-30 11:58:00.892 [info] Got 0 sessions for ...
2026-08-30 11:58:00.892 [info] Getting sessions for all scopes...
2026-08-30 11:58:00.892 [info] Got 0 sessions for ...
2026-08-30 11:58:00.892 [info] Getting sessions for all scopes...
2026-08-30 11:58:00.892 [info] Got 0 sessions for ...
2026-08-30 11:58:00.892 [info] Getting sessions for all scopes...
2026-08-30 11:58:00.892 [info] Got 0 sessions for ...
2026-08-30 11:58:00.893 [info] Getting sessions for all scopes...
2026-08-30 11:58:00.893 [info] Got 0 sessions for ...
2026-08-30 11:58:00.893 [info] Getting sessions for repo...
2026-08-30 11:58:00.893 [info] Got 0 sessions for repo...
2026-08-30 11:58:00.894 [info] Getting sessions for repo...
2026-08-30 11:58:00.894 [info] Got 0 sessions for repo...
2026-08-30 11:58:00.894 [info] Getting sessions for repo...
2026-08-30 11:58:00.894 [info] Got 0 sessions for repo...
2026-08-30 11:58:00.894 [info] Getting sessions for repo...
2026-08-30 11:58:00.894 [info] Got 0 sessions for repo...
2026-08-30 11:58:00.895 [info] Getting sessions for repo...
2026-08-30 11:58:00.895 [info] Got 0 sessions for repo...
2026-08-30 11:58:00.895 [info] Getting sessions for repo...
2026-08-30 11:58:00.895 [info] Got 0 sessions for repo...
2026-08-30 11:58:00.897 [info] Getting sessions for all scopes...
2026-08-30 11:58:00.897 [info] Got 0 sessions for ...
2026-08-30 11:58:00.897 [info] Getting sessions for all scopes...
2026-08-30 11:58:00.897 [info] Got 0 sessions for ...
2026-08-30 11:58:00.898 [info] Getting sessions for all scopes...
2026-08-30 11:58:00.898 [info] Got 0 sessions for ...
2026-08-30 11:58:00.898 [info] Getting sessions for all scopes...
2026-08-30 11:58:00.898 [info] Got 0 sessions for ...
2026-08-30 11:58:00.899 [info] Getting sessions for all scopes...
2026-08-30 11:58:00.899 [info] Got 0 sessions for ...
2026-08-30 11:58:00.903 [info] Getting sessions for all scopes...
2026-08-30 11:58:00.903 [info] Got 0 sessions for ...
2026-08-30 11:58:07.461 [info] Getting sessions for read:user,user:email...
2026-08-30 11:58:07.461 [info] Got 0 sessions for read:user,user:email...
2026-08-30 11:58:07.473 [info] Getting sessions for all scopes...
2026-08-30 11:58:07.473 [info] Got 0 sessions for ...
2026-08-30 11:58:07.474 [info] Getting sessions for repo...
2026-08-30 11:58:07.474 [info] Got 0 sessions for repo...
2026-08-30 11:58:07.475 [info] Getting sessions for all scopes...
2026-08-30 11:58:07.475 [info] Got 0 sessions for ...
2026-08-30 11:58:07.718 [info] Getting sessions for read:user,user:email...
2026-08-30 11:58:07.718 [info] Got 0 sessions for read:user,user:email...
2026-08-30 11:58:07.726 [info] Getting sessions for all scopes...
2026-08-30 11:58:07.726 [info] Got 0 sessions for ...
2026-08-30 11:58:07.727 [info] Getting sessions for repo...
2026-08-30 11:58:07.727 [info] Got 0 sessions for repo...
2026-08-30 11:58:07.727 [info] Getting sessions for all scopes...
2026-08-30 11:58:07.727 [info] Got 0 sessions for ...
2026-08-30 12:00:16.923 [info] Getting sessions for read:user,user:email...
2026-08-30 12:00:16.923 [info] Got 0 sessions for read:user,user:email...
2026-08-30 12:00:16.954 [info] Getting sessions for read:user,user:email...
2026-08-30 12:00:16.954 [info] Got 0 sessions for read:user,user:email...
2026-08-30 12:00:16.975 [info] Getting sessions for read:user,user:email...
2026-08-30 12:00:16.975 [info] Got 0 sessions for read:user,user:email...
2026-08-30 12:00:16.977 [info] Getting sessions for all scopes...
2026-08-30 12:00:16.977 [info] Got 0 sessions for ...
2026-08-30 12:00:16.982 [info] Getting sessions for all scopes...
2026-08-30 12:00:16.982 [info] Got 0 sessions for ...
2026-08-30 12:00:16.982 [info] Getting sessions for all scopes...
2026-08-30 12:00:16.982 [info] Got 0 sessions for ...
2026-08-30 12:00:16.984 [info] Getting sessions for repo...
2026-08-30 12:00:16.984 [info] Got 0 sessions for repo...
2026-08-30 12:00:16.987 [info] Getting sessions for repo...
2026-08-30 12:00:16.987 [info] Got 0 sessions for repo...
2026-08-30 12:00:16.987 [info] Getting sessions for repo...
2026-08-30 12:00:16.987 [info] Got 0 sessions for repo...
2026-08-30 12:00:16.987 [info] Getting sessions for all scopes...
2026-08-30 12:00:16.987 [info] Got 0 sessions for ...
2026-08-30 12:00:16.988 [info] Getting sessions for all scopes...
2026-08-30 12:00:16.988 [info] Got 0 sessions for ...
2026-08-30 12:00:16.988 [info] Getting sessions for all scopes...
2026-08-30 12:00:16.988 [info] Got 0 sessions for ...
